<p>
Min ångest är en risig skog<br />
där blodiga fåglar skrika<br />
stoltare ödemark finner du nog,<br />
men det kvittar mig nu lika
</p>

<p>
Jag sitter still under torra trän<br />
och lyss till de hesa skriken<br />
snart ligger jag död under tomma trän<br />
och ruttnar bland fågelliken
</p>
