<p>
Donec id lectus. Ut id ante. Proin pharetra auctor erat. Praesent
porta augue id erat. Fusce eget urna. Pellentesque habitant morbi
tristique senectus et netus et malesuada fames ac turpis
egestas. Proin cursus tempus metus.
</p>

<blockquote><p>
This is a blockquote with two paragraphs. Lorem ipsum dolor sit amet,
consectetuer adipiscing elit. Aliquam hendrerit mi posuere lectus.
Vestibulum enim wisi, viverra nec, fringilla in, laoreet vitae, risus.
</p>

<p>
This is a blockquote with two paragraphs. Lorem ipsum dolor sit amet,
consectetuer adipiscing elit. Aliquam hendrerit mi posuere lectus.
Vestibulum enim wisi, viverra nec, fringilla in, laoreet vitae, risus.
</p></blockquote>

<p>
Donec id lectus. Ut id ante. Proin pharetra auctor erat. Praesent
porta augue id erat. Fusce eget urna. Pellentesque habitant morbi
tristique senectus et netus et malesuada fames ac turpis
egestas. Proin cursus tempus metus.
</p>
