<p>
Lorem <i>ipsum</i> dolor <i>sit</i> amet, <i>consectetuer</i> adipiscing <i>elit.</i> Praesent
<i>Lorem</i> ipsum <i>dolor</i> sit <i>amet,</i> consectetuer <i>adipiscing</i> elit. <i>Praesent</i>
lacinia tellus ac orci laoreet tincidunt. Phasellus <i>dictum
fermentum</i> lacus. Vestibulum quam. Duis porta, nibh sed <i>congue
</i>
</p>
