<p>
Lorem <b>ipsum</b> dolor <b>sit</b> amet, <b>consectetuer</b> adipiscing <b>elit.</b> Praesent
<b>Lorem</b> ipsum <b>dolor</b> sit <b>amet,</b> consectetuer <b>adipiscing</b> elit. <b>Praesent</b>
lacinia tellus ac orci laoreet tincidunt. Phasellus <b>dictum
fermentum</b> lacus. Vestibulum quam. Duis porta, nibh sed congue
</p>
