<p>
<a href="https://en.wikipedia.org/wiki/Lorem_ipsum">Lorem ipsum</a> dolor sit amet, consectetuer adipiscing elit. Praesent
lacinia tellus ac orci laoreet tincidunt. Phasellus dictum
fermentum lacus. Vestibulum quam. Duis porta, nibh sed congue
tincidunt, risus felis porttitor orci, vitae pharetra erat arcu eu
dolor. Sed lacus nulla, auctor eget, interdum eget, tempus sed,
pede. 
</p>

<h1>Links</h1>

<ul>
<li><a href="https://en.wikipedia.org/wiki/Lorem_ipsum">Lorem ipsum</a></li>
<li><a href="https://www.lipsum.com/" alt="Lorem ipsum facts">Lorem ipsum</a></li>
<li><a href="https://www.lipsum.com/" alt="Lorem ipsum generator">Lorem ipsum generator</a></li>
</ul>
