<p>
Donec id lectus. Ut id ante. Proin <strike>pharetra</strike> auctor erat. Praesent
porta augue id erat. <strike>Fusce eget urna.</strike> Pellentesque habitant morbi
tristique <strike>senectus</strike> et netus et <strike>malesuada</strike> fames ac turpis
egestas. Proin cursus tempus metus.
</p>
